eeschema (2013-07-07 BZR 4022)-stable  >> Creation date: 12/29/2013 2:03:01 PM
#Cmp ( order = Reference )
| C1         500pF       
| C2         500pF       
| C3         500pF       
| C4         500pF       
| C5         500pF       
| C6         500pF       
| C7         500pF       
| C8         500pF       
| C9         1uF         
| D0         DIODE       
| D1         DIODE       
| D2         DIODE       
| D3         DIODE       
| D4         DIODE       
| D5         DIODE       
| D6         DIODE       
| D7         DIODE       
| D8         DIODE       
| D9         DIODE       
| D10        DIODE       
| D11        DIODE       
| D12        DIODE       
| D13        DIODE       
| D14        DIODE       
| D15        DIODE       
| P1         MODELF_CONN30
| P2         MODELF_CONN30
| P4         1PAD        
| P5         1PAD        
| R1         47K         
| R2         36K         
| R3         36K         
| R4         36K         
| R5         36K         
| R6         36K         
| R7         36K         
| R8         36K         
| R9         36K         
| RR1        10K         
| SW1        SW_PUSH_4PIN
| U0         TEENSYPP2   
| U1         LM324AN     
| U2         4066        
| U3         LM324AN     
| U4         4066        
#End Cmp

#Cmp ( order = Value )
| 500pF        C1        
| 500pF        C2        
| 500pF        C3        
| 500pF        C4        
| 500pF        C5        
| 500pF        C6        
| 500pF        C7        
| 500pF        C8        
| 1uF          C9        
| DIODE        D0        
| DIODE        D1        
| DIODE        D2        
| DIODE        D3        
| DIODE        D4        
| DIODE        D5        
| DIODE        D6        
| DIODE        D7        
| DIODE        D8        
| DIODE        D9        
| DIODE        D10       
| DIODE        D11       
| DIODE        D12       
| DIODE        D13       
| DIODE        D14       
| DIODE        D15       
| MODELF_CONN30 P1        
| MODELF_CONN30 P2        
| 1PAD         P4        
| 1PAD         P5        
| 36K          R2        
| 36K          R3        
| 36K          R4        
| 36K          R5        
| 36K          R6        
| 36K          R7        
| 36K          R8        
| 36K          R9        
| 47K          R1        
| 10K          RR1       
| SW_PUSH_4PIN SW1       
| 4066         U2        
| 4066         U4        
| LM324AN      U1        
| LM324AN      U3        
| TEENSYPP2    U0        
#End Cmp

#End List
